Archive member included to satisfy reference by file (symbol)

/home/aristotel/Downloads/AT32_IDE_V1.0.08_Linux-x86_64/platform/tools/gcc-arm-none-eabi-10.3-2021.10/bin/../lib/gcc/arm-none-eabi/10.3.1/../../../../arm-none-eabi/lib/thumb/v7e-m+fp/hard/libg_nano.a(lib_a-exit.o)
                              /home/aristotel/Downloads/AT32_IDE_V1.0.08_Linux-x86_64/platform/tools/gcc-arm-none-eabi-10.3-2021.10/bin/../lib/gcc/arm-none-eabi/10.3.1/../../../../arm-none-eabi/lib/thumb/v7e-m+fp/hard/crt0.o (exit)
/home/aristotel/Downloads/AT32_IDE_V1.0.08_Linux-x86_64/platform/tools/gcc-arm-none-eabi-10.3-2021.10/bin/../lib/gcc/arm-none-eabi/10.3.1/../../../../arm-none-eabi/lib/thumb/v7e-m+fp/hard/libg_nano.a(lib_a-impure.o)
                              /home/aristotel/Downloads/AT32_IDE_V1.0.08_Linux-x86_64/platform/tools/gcc-arm-none-eabi-10.3-2021.10/bin/../lib/gcc/arm-none-eabi/10.3.1/../../../../arm-none-eabi/lib/thumb/v7e-m+fp/hard/libg_nano.a(lib_a-exit.o) (_global_impure_ptr)
/home/aristotel/Downloads/AT32_IDE_V1.0.08_Linux-x86_64/platform/tools/gcc-arm-none-eabi-10.3-2021.10/bin/../lib/gcc/arm-none-eabi/10.3.1/../../../../arm-none-eabi/lib/thumb/v7e-m+fp/hard/libg_nano.a(lib_a-init.o)
                              /home/aristotel/Downloads/AT32_IDE_V1.0.08_Linux-x86_64/platform/tools/gcc-arm-none-eabi-10.3-2021.10/bin/../lib/gcc/arm-none-eabi/10.3.1/../../../../arm-none-eabi/lib/thumb/v7e-m+fp/hard/crt0.o (__libc_init_array)
/home/aristotel/Downloads/AT32_IDE_V1.0.08_Linux-x86_64/platform/tools/gcc-arm-none-eabi-10.3-2021.10/bin/../lib/gcc/arm-none-eabi/10.3.1/../../../../arm-none-eabi/lib/thumb/v7e-m+fp/hard/libg_nano.a(lib_a-memset.o)
                              /home/aristotel/Downloads/AT32_IDE_V1.0.08_Linux-x86_64/platform/tools/gcc-arm-none-eabi-10.3-2021.10/bin/../lib/gcc/arm-none-eabi/10.3.1/../../../../arm-none-eabi/lib/thumb/v7e-m+fp/hard/crt0.o (memset)
/home/aristotel/Downloads/AT32_IDE_V1.0.08_Linux-x86_64/platform/tools/gcc-arm-none-eabi-10.3-2021.10/bin/../lib/gcc/arm-none-eabi/10.3.1/../../../../arm-none-eabi/lib/thumb/v7e-m+fp/hard/libg_nano.a(lib_a-setvbuf.o)
                              ./bsp/at32f413_board.o (setvbuf)
/home/aristotel/Downloads/AT32_IDE_V1.0.08_Linux-x86_64/platform/tools/gcc-arm-none-eabi-10.3-2021.10/bin/../lib/gcc/arm-none-eabi/10.3.1/../../../../arm-none-eabi/lib/thumb/v7e-m+fp/hard/libg_nano.a(lib_a-strlen.o)
                              ./user/fonts.o (strlen)
/home/aristotel/Downloads/AT32_IDE_V1.0.08_Linux-x86_64/platform/tools/gcc-arm-none-eabi-10.3-2021.10/bin/../lib/gcc/arm-none-eabi/10.3.1/../../../../arm-none-eabi/lib/thumb/v7e-m+fp/hard/libg_nano.a(lib_a-fflush.o)
                              /home/aristotel/Downloads/AT32_IDE_V1.0.08_Linux-x86_64/platform/tools/gcc-arm-none-eabi-10.3-2021.10/bin/../lib/gcc/arm-none-eabi/10.3.1/../../../../arm-none-eabi/lib/thumb/v7e-m+fp/hard/libg_nano.a(lib_a-setvbuf.o) (_fflush_r)
/home/aristotel/Downloads/AT32_IDE_V1.0.08_Linux-x86_64/platform/tools/gcc-arm-none-eabi-10.3-2021.10/bin/../lib/gcc/arm-none-eabi/10.3.1/../../../../arm-none-eabi/lib/thumb/v7e-m+fp/hard/libg_nano.a(lib_a-findfp.o)
                              /home/aristotel/Downloads/AT32_IDE_V1.0.08_Linux-x86_64/platform/tools/gcc-arm-none-eabi-10.3-2021.10/bin/../lib/gcc/arm-none-eabi/10.3.1/../../../../arm-none-eabi/lib/thumb/v7e-m+fp/hard/libg_nano.a(lib_a-setvbuf.o) (__sinit)
/home/aristotel/Downloads/AT32_IDE_V1.0.08_Linux-x86_64/platform/tools/gcc-arm-none-eabi-10.3-2021.10/bin/../lib/gcc/arm-none-eabi/10.3.1/../../../../arm-none-eabi/lib/thumb/v7e-m+fp/hard/libg_nano.a(lib_a-fwalk.o)
                              /home/aristotel/Downloads/AT32_IDE_V1.0.08_Linux-x86_64/platform/tools/gcc-arm-none-eabi-10.3-2021.10/bin/../lib/gcc/arm-none-eabi/10.3.1/../../../../arm-none-eabi/lib/thumb/v7e-m+fp/hard/libg_nano.a(lib_a-findfp.o) (_fwalk)
/home/aristotel/Downloads/AT32_IDE_V1.0.08_Linux-x86_64/platform/tools/gcc-arm-none-eabi-10.3-2021.10/bin/../lib/gcc/arm-none-eabi/10.3.1/../../../../arm-none-eabi/lib/thumb/v7e-m+fp/hard/libg_nano.a(lib_a-lock.o)
                              /home/aristotel/Downloads/AT32_IDE_V1.0.08_Linux-x86_64/platform/tools/gcc-arm-none-eabi-10.3-2021.10/bin/../lib/gcc/arm-none-eabi/10.3.1/../../../../arm-none-eabi/lib/thumb/v7e-m+fp/hard/libg_nano.a(lib_a-findfp.o) (__retarget_lock_init_recursive)
/home/aristotel/Downloads/AT32_IDE_V1.0.08_Linux-x86_64/platform/tools/gcc-arm-none-eabi-10.3-2021.10/bin/../lib/gcc/arm-none-eabi/10.3.1/../../../../arm-none-eabi/lib/thumb/v7e-m+fp/hard/libg_nano.a(lib_a-makebuf.o)
                              /home/aristotel/Downloads/AT32_IDE_V1.0.08_Linux-x86_64/platform/tools/gcc-arm-none-eabi-10.3-2021.10/bin/../lib/gcc/arm-none-eabi/10.3.1/../../../../arm-none-eabi/lib/thumb/v7e-m+fp/hard/libg_nano.a(lib_a-setvbuf.o) (__swhatbuf_r)
[...]
Memory Configuration

Name             Origin             Length             Attributes
FLASH            0x0000000008000000 0x0000000000010000 xr
RAM              0x0000000020000000 0x0000000000008000 xrw
SPIM             0x0000000008400000 0x0000000001000000 xr
*default*        0x0000000000000000 0xffffffffffffffff

Linker script and memory map

LOAD /home/aristotel/Downloads/AT32_IDE_V1.0.08_Linux-x86_64/platform/tools/gcc-arm-none-eabi-10.3-2021.10/bin/../lib/gcc/arm-none-eabi/10.3.1/thumb/v7e-m+fp/hard/crti.o
LOAD /home/aristotel/Downloads/AT32_IDE_V1.0.08_Linux-x86_64/platform/tools/gcc-arm-none-eabi-10.3-2021.10/bin/../lib/gcc/arm-none-eabi/10.3.1/thumb/v7e-m+fp/hard/crtbegin.o
LOAD /home/aristotel/Downloads/AT32_IDE_V1.0.08_Linux-x86_64/platform/tools/gcc-arm-none-eabi-10.3-2021.10/bin/../lib/gcc/arm-none-eabi/10.3.1/../../../../arm-none-eabi/lib/thumb/v7e-m+fp/hard/crt0.o
LOAD ./user/at32f413_clock.o
LOAD ./user/at32f413_int.o
LOAD ./user/fonts.o
LOAD ./user/main.o
LOAD ./firmware/at32f413_acc.o
LOAD ./firmware/at32f413_adc.o
LOAD ./firmware/at32f413_bpr.o
LOAD ./firmware/at32f413_can.o
LOAD ./firmware/at32f413_crc.o
LOAD ./firmware/at32f413_crm.o
LOAD ./firmware/at32f413_debug.o
LOAD ./firmware/at32f413_dma.o
LOAD ./firmware/at32f413_exint.o
LOAD ./firmware/at32f413_flash.o
LOAD ./firmware/at32f413_gpio.o
LOAD ./firmware/at32f413_i2c.o
LOAD ./firmware/at32f413_misc.o
LOAD ./firmware/at32f413_pwc.o
LOAD ./firmware/at32f413_rtc.o
LOAD ./firmware/at32f413_sdio.o
LOAD ./firmware/at32f413_spi.o
LOAD ./firmware/at32f413_tmr.o
LOAD ./firmware/at32f413_usart.o
LOAD ./firmware/at32f413_usb.o
LOAD ./firmware/at32f413_wdt.o
LOAD ./firmware/at32f413_wwdt.o
LOAD ./cmsis/startup_at32f413.o
LOAD ./cmsis/system_at32f413.o
LOAD ./bsp/at32f413_board.o
START GROUP
LOAD /home/aristotel/Downloads/AT32_IDE_V1.0.08_Linux-x86_64/platform/tools/gcc-arm-none-eabi-10.3-2021.10/bin/../lib/gcc/arm-none-eabi/10.3.1/thumb/v7e-m+fp/hard/libgcc.a
LOAD /home/aristotel/Downloads/AT32_IDE_V1.0.08_Linux-x86_64/platform/tools/gcc-arm-none-eabi-10.3-2021.10/bin/../lib/gcc/arm-none-eabi/10.3.1/../../../../arm-none-eabi/lib/thumb/v7e-m+fp/hard/libg_nano.a
LOAD /home/aristotel/Downloads/AT32_IDE_V1.0.08_Linux-x86_64/platform/tools/gcc-arm-none-eabi-10.3-2021.10/bin/../lib/gcc/arm-none-eabi/10.3.1/../../../../arm-none-eabi/lib/thumb/v7e-m+fp/hard/libc_nano.a
END GROUP
START GROUP
LOAD /home/aristotel/Downloads/AT32_IDE_V1.0.08_Linux-x86_64/platform/tools/gcc-arm-none-eabi-10.3-2021.10/bin/../lib/gcc/arm-none-eabi/10.3.1/thumb/v7e-m+fp/hard/libgcc.a
LOAD /home/aristotel/Downloads/AT32_IDE_V1.0.08_Linux-x86_64/platform/tools/gcc-arm-none-eabi-10.3-2021.10/bin/../lib/gcc/arm-none-eabi/10.3.1/../../../../arm-none-eabi/lib/thumb/v7e-m+fp/hard/libc_nano.a
LOAD /home/aristotel/Downloads/AT32_IDE_V1.0.08_Linux-x86_64/platform/tools/gcc-arm-none-eabi-10.3-2021.10/bin/../lib/gcc/arm-none-eabi/10.3.1/../../../../arm-none-eabi/lib/thumb/v7e-m+fp/hard/libnosys.a
END GROUP
START GROUP
LOAD /home/aristotel/Downloads/AT32_IDE_V1.0.08_Linux-x86_64/platform/tools/gcc-arm-none-eabi-10.3-2021.10/bin/../lib/gcc/arm-none-eabi/10.3.1/thumb/v7e-m+fp/hard/libgcc.a
LOAD /home/aristotel/Downloads/AT32_IDE_V1.0.08_Linux-x86_64/platform/tools/gcc-arm-none-eabi-10.3-2021.10/bin/../lib/gcc/arm-none-eabi/10.3.1/../../../../arm-none-eabi/lib/thumb/v7e-m+fp/hard/libc_nano.a
LOAD /home/aristotel/Downloads/AT32_IDE_V1.0.08_Linux-x86_64/platform/tools/gcc-arm-none-eabi-10.3-2021.10/bin/../lib/gcc/arm-none-eabi/10.3.1/../../../../arm-none-eabi/lib/thumb/v7e-m+fp/hard/libnosys.a
END GROUP
LOAD /home/aristotel/Downloads/AT32_IDE_V1.0.08_Linux-x86_64/platform/tools/gcc-arm-none-eabi-10.3-2021.10/bin/../lib/gcc/arm-none-eabi/10.3.1/thumb/v7e-m+fp/hard/crtend.o
LOAD /home/aristotel/Downloads/AT32_IDE_V1.0.08_Linux-x86_64/platform/tools/gcc-arm-none-eabi-10.3-2021.10/bin/../lib/gcc/arm-none-eabi/10.3.1/thumb/v7e-m+fp/hard/crtn.o
                0x0000000020008000                _estack = 0x20008000
                0x0000000000000200                _Min_Heap_Size = 0x200
                0x0000000000000400                _Min_Stack_Size = 0x400

.isr_vector     0x0000000008000000      0x170
                0x0000000008000000                . = ALIGN (0x4)
 *(.isr_vector)
 .isr_vector    0x0000000008000000      0x170 ./cmsis/startup_at32f413.o
                0x0000000008000000                g_pfnVectors
                0x0000000008000170                . = ALIGN (0x4)

.text           0x0000000008000170     0x1090
                0x0000000008000170                . = ALIGN (0x4)
 *(.text)
 .text          0x0000000008000170       0x40 /home/aristotel/Downloads/AT32_IDE_V1.0.08_Linux-x86_64/platform/tools/gcc-arm-none-eabi-10.3-2021.10/bin/../lib/gcc/arm-none-eabi/10.3.1/thumb/v7e-m+fp/hard/crtbegin.o
 *(.text*)
 .text.system_clock_config
                0x00000000080001b0       0x74 ./user/at32f413_clock.o
                0x00000000080001b0                system_clock_config
 .text.NMI_Handler
                0x0000000008000224        0xe ./user/at32f413_int.o
                0x0000000008000224                NMI_Handler
 .text.HardFault_Handler
                0x0000000008000232        0x6 ./user/at32f413_int.o
                0x0000000008000232                HardFault_Handler
 .text.MemManage_Handler
                0x0000000008000238        0x6 ./user/at32f413_int.o
                0x0000000008000238                MemManage_Handler
 .text.BusFault_Handler
                0x000000000800023e        0x6 ./user/at32f413_int.o
                0x000000000800023e                BusFault_Handler
 .text.UsageFault_Handler
                0x0000000008000244        0x6 ./user/at32f413_int.o
                0x0000000008000244                UsageFault_Handler
 .text.SVC_Handler
                0x000000000800024a        0xe ./user/at32f413_int.o
                0x000000000800024a                SVC_Handler
 .text.DebugMon_Handler
                0x0000000008000258        0xe ./user/at32f413_int.o
                0x0000000008000258                DebugMon_Handler
 .text.PendSV_Handler
                0x0000000008000266        0xe ./user/at32f413_int.o
                0x0000000008000266                PendSV_Handler
 .text.SysTick_Handler
                0x0000000008000274        0xe ./user/at32f413_int.o
                0x0000000008000274                SysTick_Handler
 .text.button_exint_init
                0x0000000008000282       0x50 ./user/main.o
                0x0000000008000282                button_exint_init
 *fill*         0x00000000080002d2        0x2 
 .text.button_isr
                0x00000000080002d4       0x40 ./user/main.o
                0x00000000080002d4                button_isr
 .text.EXINT0_IRQHandler
                0x0000000008000314        0xc ./user/main.o
                0x0000000008000314                EXINT0_IRQHandler
 .text.main     0x0000000008000320       0x88 ./user/main.o
                0x0000000008000320                main
 .text.crm_reset
                0x00000000080003a8       0x6c ./firmware/at32f413_crm.o
                0x00000000080003a8                crm_reset
 .text.crm_flag_get
                0x0000000008000414       0x50 ./firmware/at32f413_crm.o
                0x0000000008000414                crm_flag_get
 .text.crm_hext_stable_wait
                0x0000000008000464       0x4a ./firmware/at32f413_crm.o
                0x0000000008000464                crm_hext_stable_wait
 .text.crm_periph_clock_enable
                0x00000000080004ae       0x7c ./firmware/at32f413_crm.o
                0x00000000080004ae                crm_periph_clock_enable
 *fill*         0x000000000800052a        0x2 
 .text.crm_clock_source_enable
                0x000000000800052c       0xa8 ./firmware/at32f413_crm.o
                0x000000000800052c                crm_clock_source_enable
 .text.crm_ahb_div_set
                0x00000000080005d4       0x2c ./firmware/at32f413_crm.o
                0x00000000080005d4                crm_ahb_div_set
 .text.crm_apb1_div_set
                0x0000000008000600       0x2c ./firmware/at32f413_crm.o
                0x0000000008000600                crm_apb1_div_set
 .text.crm_apb2_div_set
                0x000000000800062c       0x2c ./firmware/at32f413_crm.o
                0x000000000800062c                crm_apb2_div_set
 .text.crm_pll_config
                0x0000000008000658       0x9c ./firmware/at32f413_crm.o
                0x0000000008000658                crm_pll_config
 .text.crm_sysclk_switch
                0x00000000080006f4       0x54 ./firmware/at32f413_crm.o
                0x00000000080006f4                crm_sysclk_switch
 .text.crm_sysclk_switch_status_get
                0x0000000008000748       0x1c ./firmware/at32f413_crm.o
                0x0000000008000748                crm_sysclk_switch_status_get
 .text.crm_auto_step_mode_enable
                0x0000000008000764       0x38 ./firmware/at32f413_crm.o
                0x0000000008000764                crm_auto_step_mode_enable
 .text.exint_default_para_init
                0x000000000800079c       0x2c ./firmware/at32f413_exint.o
                0x000000000800079c                exint_default_para_init
 .text.exint_init
                0x00000000080007c8       0xc8 ./firmware/at32f413_exint.o
                0x00000000080007c8                exint_init
 .text.exint_flag_clear
                0x0000000008000890       0x20 ./firmware/at32f413_exint.o
                0x0000000008000890                exint_flag_clear
 .text.gpio_init
                0x00000000080008b0      0x138 ./firmware/at32f413_gpio.o
                0x00000000080008b0                gpio_init
 .text.gpio_default_para_init
                0x00000000080009e8       0x34 ./firmware/at32f413_gpio.o
                0x00000000080009e8                gpio_default_para_init
 .text.gpio_input_data_bit_read
                0x0000000008000a1c       0x36 ./firmware/at32f413_gpio.o
                0x0000000008000a1c                gpio_input_data_bit_read
 *fill*         0x0000000008000a52        0x2 
 .text.gpio_exint_line_config
                0x0000000008000a54       0xf8 ./firmware/at32f413_gpio.o
                0x0000000008000a54                gpio_exint_line_config
 .text.__NVIC_SetPriorityGrouping
                0x0000000008000b4c       0x48 ./firmware/at32f413_misc.o
 .text.__NVIC_GetPriorityGrouping
                0x0000000008000b94       0x1c ./firmware/at32f413_misc.o
 .text.__NVIC_EnableIRQ
                0x0000000008000bb0       0x3c ./firmware/at32f413_misc.o
 .text.__NVIC_SetPriority
                0x0000000008000bec       0x54 ./firmware/at32f413_misc.o
 .text.NVIC_EncodePriority
                0x0000000008000c40       0x66 ./firmware/at32f413_misc.o
 .text.nvic_irq_enable
                0x0000000008000ca6       0x42 ./firmware/at32f413_misc.o
                0x0000000008000ca6                nvic_irq_enable
 .text.nvic_priority_group_config
                0x0000000008000ce8       0x1a ./firmware/at32f413_misc.o
                0x0000000008000ce8                nvic_priority_group_config
 *fill*         0x0000000008000d02        0x2 
 .text.systick_clock_source_config
                0x0000000008000d04       0x3c ./firmware/at32f413_misc.o
                0x0000000008000d04                systick_clock_source_config
 .text.Reset_Handler
                0x0000000008000d40       0x48 ./cmsis/startup_at32f413.o
                0x0000000008000d40                Reset_Handler
 .text.Default_Handler
                0x0000000008000d88        0x2 ./cmsis/startup_at32f413.o
                0x0000000008000d88                SDIO1_IRQHandler
                0x0000000008000d88                EXINT2_IRQHandler
                0x0000000008000d88                USBFS_L_CAN1_RX0_IRQHandler
                0x0000000008000d88                I2C2_EVT_IRQHandler
                0x0000000008000d88                TMR1_OVF_TMR10_IRQHandler
                0x0000000008000d88                TMR8_BRK_IRQHandler
                0x0000000008000d88                USBFS_H_CAN1_TX_IRQHandler
                0x0000000008000d88                I2C1_ERR_IRQHandler
                0x0000000008000d88                EXINT9_5_IRQHandler
                0x0000000008000d88                CAN2_RX1_IRQHandler
                0x0000000008000d88                TMR5_GLOBAL_IRQHandler
                0x0000000008000d88                TMR8_TRG_HALL_IRQHandler
                0x0000000008000d88                TMR8_OVF_IRQHandler
                0x0000000008000d88                ADC1_2_IRQHandler
                0x0000000008000d88                SPI1_IRQHandler
                0x0000000008000d88                TAMPER_IRQHandler
                0x0000000008000d88                CAN2_RX0_IRQHandler
                0x0000000008000d88                DMA2_Channel2_IRQHandler
                0x0000000008000d88                DMA1_Channel4_IRQHandler
                0x0000000008000d88                TMR8_CH_IRQHandler
                0x0000000008000d88                USART3_IRQHandler
                0x0000000008000d88                RTC_IRQHandler
                0x0000000008000d88                DMA1_Channel7_IRQHandler
                0x0000000008000d88                CAN1_RX1_IRQHandler
                0x0000000008000d88                UART5_IRQHandler
                0x0000000008000d88                ACC_IRQHandler
                0x0000000008000d88                DMA2_Channel1_IRQHandler
                0x0000000008000d88                EXINT3_IRQHandler
                0x0000000008000d88                DMA1_Channel6_IRQHandler
                0x0000000008000d88                UART4_IRQHandler
                0x0000000008000d88                DMA1_Channel1_IRQHandler
                0x0000000008000d88                Default_Handler
                0x0000000008000d88                USBFS_MAPH_IRQHandler
                0x0000000008000d88                TMR3_GLOBAL_IRQHandler
                0x0000000008000d88                CAN1_SE_IRQHandler
                0x0000000008000d88                CAN2_TX_IRQHandler
                0x0000000008000d88                TMR1_BRK_TMR9_IRQHandler
                0x0000000008000d88                USBFS_MAPL_IRQHandler
                0x0000000008000d88                SPI2_IRQHandler
                0x0000000008000d88                TMR1_TRG_HALL_TMR11_IRQHandler
                0x0000000008000d88                DMA1_Channel5_IRQHandler
                0x0000000008000d88                TMR4_GLOBAL_IRQHandler
                0x0000000008000d88                EXINT4_IRQHandler
                0x0000000008000d88                CAN2_SE_IRQHandler
                0x0000000008000d88                DMA2_Channel6_7_IRQHandler
                0x0000000008000d88                PVM_IRQHandler
                0x0000000008000d88                DMA1_Channel3_IRQHandler
                0x0000000008000d88                I2C1_EVT_IRQHandler
                0x0000000008000d88                EXINT1_IRQHandler
                0x0000000008000d88                RTCAlarm_IRQHandler
                0x0000000008000d88                DMA2_Channel4_5_IRQHandler
                0x0000000008000d88                USART2_IRQHandler
                0x0000000008000d88                DMA1_Channel2_IRQHandler
                0x0000000008000d88                TMR2_GLOBAL_IRQHandler
                0x0000000008000d88                FLASH_IRQHandler
                0x0000000008000d88                I2C2_ERR_IRQHandler
                0x0000000008000d88                USBFSWakeUp_IRQHandler
                0x0000000008000d88                USART1_IRQHandler
                0x0000000008000d88                TMR1_CH_IRQHandler
                0x0000000008000d88                CRM_IRQHandler
                0x0000000008000d88                EXINT15_10_IRQHandler
                0x0000000008000d88                WWDT_IRQHandler
                0x0000000008000d88                DMA2_Channel3_IRQHandler
 *fill*         0x0000000008000d8a        0x2 
 .text.SystemInit
                0x0000000008000d8c       0x88 ./cmsis/system_at32f413.o
                0x0000000008000d8c                SystemInit
 .text.system_core_clock_update
                0x0000000008000e14      0x138 ./cmsis/system_at32f413.o
                0x0000000008000e14                system_core_clock_update
 .text.at32_board_init
                0x0000000008000f4c       0x34 ./bsp/at32f413_board.o
                0x0000000008000f4c                at32_board_init
 .text.at32_button_init
                0x0000000008000f80       0x44 ./bsp/at32f413_board.o
                0x0000000008000f80                at32_button_init
 .text.at32_led_init
                0x0000000008000fc4       0x68 ./bsp/at32f413_board.o
                0x0000000008000fc4                at32_led_init
 .text.at32_led_off
                0x000000000800102c       0x48 ./bsp/at32f413_board.o
                0x000000000800102c                at32_led_off
 .text.at32_led_toggle
                0x0000000008001074       0x54 ./bsp/at32f413_board.o
                0x0000000008001074                at32_led_toggle
 .text.delay_init
                0x00000000080010c8       0x40 ./bsp/at32f413_board.o
                0x00000000080010c8                delay_init
 .text.delay_ms
                0x0000000008001108       0x98 ./bsp/at32f413_board.o
                0x0000000008001108                delay_ms
 .text.__libc_init_array
                0x00000000080011a0       0x48 /home/aristotel/Downloads/AT32_IDE_V1.0.08_Linux-x86_64/platform/tools/gcc-arm-none-eabi-10.3-2021.10/bin/../lib/gcc/arm-none-eabi/10.3.1/../../../../arm-none-eabi/lib/thumb/v7e-m+fp/hard/libg_nano.a(lib_a-init.o)
                0x00000000080011a0                __libc_init_array
 *(.glue_7)
 .glue_7        0x00000000080011e8        0x0 linker stubs
 *(.glue_7t)
 .glue_7t       0x00000000080011e8        0x0 linker stubs
 *(.eh_frame)
 .eh_frame      0x00000000080011e8        0x0 /home/aristotel/Downloads/AT32_IDE_V1.0.08_Linux-x86_64/platform/tools/gcc-arm-none-eabi-10.3-2021.10/bin/../lib/gcc/arm-none-eabi/10.3.1/thumb/v7e-m+fp/hard/crtbegin.o
 *(.init)
 .init          0x00000000080011e8        0x4 /home/aristotel/Downloads/AT32_IDE_V1.0.08_Linux-x86_64/platform/tools/gcc-arm-none-eabi-10.3-2021.10/bin/../lib/gcc/arm-none-eabi/10.3.1/thumb/v7e-m+fp/hard/crti.o
                0x00000000080011e8                _init
 .init          0x00000000080011ec        0x8 /home/aristotel/Downloads/AT32_IDE_V1.0.08_Linux-x86_64/platform/tools/gcc-arm-none-eabi-10.3-2021.10/bin/../lib/gcc/arm-none-eabi/10.3.1/thumb/v7e-m+fp/hard/crtn.o
 *(.fini)
 .fini          0x00000000080011f4        0x4 /home/aristotel/Downloads/AT32_IDE_V1.0.08_Linux-x86_64/platform/tools/gcc-arm-none-eabi-10.3-2021.10/bin/../lib/gcc/arm-none-eabi/10.3.1/thumb/v7e-m+fp/hard/crti.o
                0x00000000080011f4                _fini
 .fini          0x00000000080011f8        0x8 /home/aristotel/Downloads/AT32_IDE_V1.0.08_Linux-x86_64/platform/tools/gcc-arm-none-eabi-10.3-2021.10/bin/../lib/gcc/arm-none-eabi/10.3.1/thumb/v7e-m+fp/hard/crtn.o
                0x0000000008001200                . = ALIGN (0x4)
                0x0000000008001200                _etext = .

.vfp11_veneer   0x0000000008001200        0x0
 .vfp11_veneer  0x0000000008001200        0x0 linker stubs

.v4_bx          0x0000000008001200        0x0
 .v4_bx         0x0000000008001200        0x0 linker stubs

.iplt           0x0000000008001200        0x0
 .iplt          0x0000000008001200        0x0 /home/aristotel/Downloads/AT32_IDE_V1.0.08_Linux-x86_64/platform/tools/gcc-arm-none-eabi-10.3-2021.10/bin/../lib/gcc/arm-none-eabi/10.3.1/thumb/v7e-m+fp/hard/crtbegin.o

.rodata         0x0000000008001200       0x10
                0x0000000008001200                . = ALIGN (0x4)
 *(.rodata)
 .rodata        0x0000000008001200       0x10 ./cmsis/system_at32f413.o
 *(.rodata*)
                0x0000000008001210                . = ALIGN (0x4)

.rel.dyn        0x0000000008001210        0x0
 .rel.iplt      0x0000000008001210        0x0 /home/aristotel/Downloads/AT32_IDE_V1.0.08_Linux-x86_64/platform/tools/gcc-arm-none-eabi-10.3-2021.10/bin/../lib/gcc/arm-none-eabi/10.3.1/thumb/v7e-m+fp/hard/crtbegin.o

.ARM.extab
 *(.ARM.extab* .gnu.linkonce.armextab.*)

.ARM            0x0000000008001210        0x0
                0x0000000008001210                __exidx_start = .
 *(.ARM.exidx*)
                0x0000000008001210                __exidx_end = .

.preinit_array  0x0000000008001210        0x0
                0x0000000008001210                PROVIDE (__preinit_array_start = .)
 *(.preinit_array*)
                0x0000000008001210                PROVIDE (__preinit_array_end = .)

.init_array     0x0000000008001210        0x4
                0x0000000008001210                PROVIDE (__init_array_start = .)
 *(SORT_BY_NAME(.init_array.*))
 *(.init_array*)
 .init_array    0x0000000008001210        0x4 /home/aristotel/Downloads/AT32_IDE_V1.0.08_Linux-x86_64/platform/tools/gcc-arm-none-eabi-10.3-2021.10/bin/../lib/gcc/arm-none-eabi/10.3.1/thumb/v7e-m+fp/hard/crtbegin.o
                0x0000000008001214                PROVIDE (__init_array_end = .)

.fini_array     0x0000000008001214        0x4
                [!provide]                        PROVIDE (__fini_array_start = .)
 *(SORT_BY_NAME(.fini_array.*))
 *(.fini_array*)
 .fini_array    0x0000000008001214        0x4 /home/aristotel/Downloads/AT32_IDE_V1.0.08_Linux-x86_64/platform/tools/gcc-arm-none-eabi-10.3-2021.10/bin/../lib/gcc/arm-none-eabi/10.3.1/thumb/v7e-m+fp/hard/crtbegin.o
                [!provide]                        PROVIDE (__fini_array_end = .)
                0x0000000008001218                _sidata = LOADADDR (.data)

.data           0x0000000020000000       0x2c load address 0x0000000008001218
                0x0000000020000000                . = ALIGN (0x4)
                0x0000000020000000                _sdata = .
 *(.data)
 .data          0x0000000020000000        0x1 ./user/main.o
                0x0000000020000000                g_speed
 *fill*         0x0000000020000001        0x3 
 .data          0x0000000020000004        0x4 ./cmsis/system_at32f413.o
                0x0000000020000004                system_core_clock
 .data          0x0000000020000008       0x21 ./bsp/at32f413_board.o
                0x0000000020000008                led_gpio_port
                0x0000000020000014                led_gpio_pin
                0x000000002000001c                led_gpio_crm_clk
 *(.data*)
                0x000000002000002c                . = ALIGN (0x4)
 *fill*         0x0000000020000029        0x3 
                0x000000002000002c                _edata = .
                0x0000000008400000                _spim_init_base = LOADADDR (.spim)
                0x0000000000000000                _spim_init_length = SIZEOF (.spim)

.igot.plt       0x000000002000002c        0x0 load address 0x0000000008001244
 .igot.plt      0x000000002000002c        0x0 /home/aristotel/Downloads/AT32_IDE_V1.0.08_Linux-x86_64/platform/tools/gcc-arm-none-eabi-10.3-2021.10/bin/../lib/gcc/arm-none-eabi/10.3.1/thumb/v7e-m+fp/hard/crtbegin.o

.spim           0x0000000008400000        0x0
                0x0000000008400000                . = ALIGN (0x4)
                0x0000000008400000                _spim_start = .
 *(.spim)
 *(.spim*)
                0x0000000008400000                . = ALIGN (0x4)
                0x0000000008400000                _spim_end = .
                0x0000000008400000                . = ALIGN (0x4)

.bss            0x000000002000002c       0x24
                0x000000002000002c                _sbss = .
                0x000000002000002c                __bss_start__ = _sbss
 *(.bss)
 .bss           0x000000002000002c       0x1c /home/aristotel/Downloads/AT32_IDE_V1.0.08_Linux-x86_64/platform/tools/gcc-arm-none-eabi-10.3-2021.10/bin/../lib/gcc/arm-none-eabi/10.3.1/thumb/v7e-m+fp/hard/crtbegin.o
 .bss           0x0000000020000048        0x8 ./bsp/at32f413_board.o
 *(.bss*)
 *(COMMON)
                0x0000000020000050                . = ALIGN (0x4)
                0x0000000020000050                _ebss = .
                0x0000000020000050                __bss_end__ = _ebss

._user_heap_stack
                0x0000000020000050      0x600
                0x0000000020000050                . = ALIGN (0x8)
                0x0000000020000050                PROVIDE (end = .)
                [!provide]                        PROVIDE (_end = .)
                0x0000000020000250                . = (. + _Min_Heap_Size)
 *fill*         0x0000000020000050      0x200 
                0x0000000020000650                . = (. + _Min_Stack_Size)
 *fill*         0x0000000020000250      0x400 
                0x0000000020000650                . = ALIGN (0x8)

/DISCARD/
 libc.a(*)
 libm.a(*)
 libgcc.a(*)

.ARM.attributes
                0x0000000000000000       0x30
 *(.ARM.attributes)
 .ARM.attributes
                0x0000000000000000       0x1e /home/aristotel/Downloads/AT32_IDE_V1.0.08_Linux-x86_64/platform/tools/gcc-arm-none-eabi-10.3-2021.10/bin/../lib/gcc/arm-none-eabi/10.3.1/thumb/v7e-m+fp/hard/crti.o
 .ARM.attributes
                0x000000000000001e       0x34 /home/aristotel/Downloads/AT32_IDE_V1.0.08_Linux-x86_64/platform/tools/gcc-arm-none-eabi-10.3-2021.10/bin/../lib/gcc/arm-none-eabi/10.3.1/thumb/v7e-m+fp/hard/crtbegin.o
 .ARM.attributes
                0x0000000000000052       0x34 ./user/at32f413_clock.o
 .ARM.attributes
                0x0000000000000086       0x34 ./user/at32f413_int.o
 .ARM.attributes
                0x00000000000000ba       0x34 ./user/main.o
 .ARM.attributes
                0x00000000000000ee       0x34 ./firmware/at32f413_crm.o
 .ARM.attributes
                0x0000000000000122       0x34 ./firmware/at32f413_exint.o
 .ARM.attributes
                0x0000000000000156       0x34 ./firmware/at32f413_gpio.o
 .ARM.attributes
                0x000000000000018a       0x34 ./firmware/at32f413_misc.o
 .ARM.attributes
                0x00000000000001be       0x21 ./cmsis/startup_at32f413.o
 .ARM.attributes
                0x00000000000001df       0x34 ./cmsis/system_at32f413.o
 .ARM.attributes
                0x0000000000000213       0x34 ./bsp/at32f413_board.o
 .ARM.attributes
                0x0000000000000247       0x34 /home/aristotel/Downloads/AT32_IDE_V1.0.08_Linux-x86_64/platform/tools/gcc-arm-none-eabi-10.3-2021.10/bin/../lib/gcc/arm-none-eabi/10.3.1/../../../../arm-none-eabi/lib/thumb/v7e-m+fp/hard/libg_nano.a(lib_a-init.o)
 .ARM.attributes
                0x000000000000027b       0x1e /home/aristotel/Downloads/AT32_IDE_V1.0.08_Linux-x86_64/platform/tools/gcc-arm-none-eabi-10.3-2021.10/bin/../lib/gcc/arm-none-eabi/10.3.1/thumb/v7e-m+fp/hard/crtn.o
OUTPUT(AT32F413.elf elf32-littlearm)
LOAD linker stubs
LOAD /home/aristotel/Downloads/AT32_IDE_V1.0.08_Linux-x86_64/platform/tools/gcc-arm-none-eabi-10.3-2021.10/bin/../lib/gcc/arm-none-eabi/10.3.1/../../../../arm-none-eabi/lib/thumb/v7e-m+fp/hard/libc.a
LOAD /home/aristotel/Downloads/AT32_IDE_V1.0.08_Linux-x86_64/platform/tools/gcc-arm-none-eabi-10.3-2021.10/bin/../lib/gcc/arm-none-eabi/10.3.1/../../../../arm-none-eabi/lib/thumb/v7e-m+fp/hard/libm.a
LOAD /home/aristotel/Downloads/AT32_IDE_V1.0.08_Linux-x86_64/platform/tools/gcc-arm-none-eabi-10.3-2021.10/bin/../lib/gcc/arm-none-eabi/10.3.1/thumb/v7e-m+fp/hard/libgcc.a

.debug_info     0x0000000000000000     0x93d4
 .debug_info    0x0000000000000000      0x3a3 ./user/at32f413_clock.o
 .debug_info    0x00000000000003a3      0x10e ./user/at32f413_int.o
 .debug_info    0x00000000000004b1     0x10ee ./user/main.o
 .debug_info    0x000000000000159f     0x2034 ./firmware/at32f413_crm.o
 .debug_info    0x00000000000035d3      0x54c ./firmware/at32f413_exint.o
 .debug_info    0x0000000000003b1f     0x1b07 ./firmware/at32f413_gpio.o
 .debug_info    0x0000000000005626      0x995 ./firmware/at32f413_misc.o
 .debug_info    0x0000000000005fbb       0x22 ./cmsis/startup_at32f413.o
 .debug_info    0x0000000000005fdd     0x13b3 ./cmsis/system_at32f413.o
 .debug_info    0x0000000000007390     0x2044 ./bsp/at32f413_board.o

.debug_abbrev   0x0000000000000000      0xfe3
 .debug_abbrev  0x0000000000000000       0x8b ./user/at32f413_clock.o
 .debug_abbrev  0x000000000000008b       0x44 ./user/at32f413_int.o
 .debug_abbrev  0x00000000000000cf      0x19e ./user/main.o
 .debug_abbrev  0x000000000000026d      0x229 ./firmware/at32f413_crm.o
 .debug_abbrev  0x0000000000000496      0x17b ./firmware/at32f413_exint.o
 .debug_abbrev  0x0000000000000611      0x203 ./firmware/at32f413_gpio.o
 .debug_abbrev  0x0000000000000814      0x245 ./firmware/at32f413_misc.o
 .debug_abbrev  0x0000000000000a59       0x12 ./cmsis/startup_at32f413.o
 .debug_abbrev  0x0000000000000a6b      0x187 ./cmsis/system_at32f413.o
 .debug_abbrev  0x0000000000000bf2      0x3f1 ./bsp/at32f413_board.o

.debug_aranges  0x0000000000000000      0x450
 .debug_aranges
                0x0000000000000000       0x20 ./user/at32f413_clock.o
 .debug_aranges
                0x0000000000000020       0x60 ./user/at32f413_int.o
 .debug_aranges
                0x0000000000000080       0x38 ./user/main.o
 .debug_aranges
                0x00000000000000b8      0x130 ./firmware/at32f413_crm.o
 .debug_aranges
                0x00000000000001e8       0x60 ./firmware/at32f413_exint.o
 .debug_aranges
                0x0000000000000248       0xa0 ./firmware/at32f413_gpio.o
 .debug_aranges
                0x00000000000002e8       0x88 ./firmware/at32f413_misc.o
 .debug_aranges
                0x0000000000000370       0x28 ./cmsis/startup_at32f413.o
 .debug_aranges
                0x0000000000000398       0x28 ./cmsis/system_at32f413.o
 .debug_aranges
                0x00000000000003c0       0x90 ./bsp/at32f413_board.o

.debug_ranges   0x0000000000000000      0x3b8
 .debug_ranges  0x0000000000000000       0x10 ./user/at32f413_clock.o
 .debug_ranges  0x0000000000000010       0x50 ./user/at32f413_int.o
 .debug_ranges  0x0000000000000060       0x28 ./user/main.o
 .debug_ranges  0x0000000000000088      0x120 ./firmware/at32f413_crm.o
 .debug_ranges  0x00000000000001a8       0x50 ./firmware/at32f413_exint.o
 .debug_ranges  0x00000000000001f8       0x90 ./firmware/at32f413_gpio.o
 .debug_ranges  0x0000000000000288       0x78 ./firmware/at32f413_misc.o
 .debug_ranges  0x0000000000000300       0x20 ./cmsis/startup_at32f413.o
 .debug_ranges  0x0000000000000320       0x18 ./cmsis/system_at32f413.o
 .debug_ranges  0x0000000000000338       0x80 ./bsp/at32f413_board.o

.debug_line     0x0000000000000000     0x273b
 .debug_line    0x0000000000000000      0x227 ./user/at32f413_clock.o
 .debug_line    0x0000000000000227       0xf7 ./user/at32f413_int.o
 .debug_line    0x000000000000031e      0x2d9 ./user/main.o
 .debug_line    0x00000000000005f7      0x941 ./firmware/at32f413_crm.o
 .debug_line    0x0000000000000f38      0x367 ./firmware/at32f413_exint.o
 .debug_line    0x000000000000129f      0x5a0 ./firmware/at32f413_gpio.o
 .debug_line    0x000000000000183f      0x48c ./firmware/at32f413_misc.o
 .debug_line    0x0000000000001ccb       0x77 ./cmsis/startup_at32f413.o
 .debug_line    0x0000000000001d42      0x368 ./cmsis/system_at32f413.o
 .debug_line    0x00000000000020aa      0x691 ./bsp/at32f413_board.o

.debug_str      0x0000000000000000     0x3d62
 .debug_str     0x0000000000000000      0x77c ./user/at32f413_clock.o
                                        0x7bf (size before relaxing)
 .debug_str     0x000000000000077c       0xa7 ./user/at32f413_int.o
                                        0x1f0 (size before relaxing)
 .debug_str     0x0000000000000823      0xf82 ./user/main.o
                                       0x1102 (size before relaxing)
 .debug_str     0x00000000000017a5     0x1244 ./firmware/at32f413_crm.o
                                       0x1d78 (size before relaxing)
 .debug_str     0x00000000000029e9      0x188 ./firmware/at32f413_exint.o
                                        0x42e (size before relaxing)
 .debug_str     0x0000000000002b71      0x728 ./firmware/at32f413_gpio.o
                                       0x10b3 (size before relaxing)
 .debug_str     0x0000000000003299      0x3b5 ./firmware/at32f413_misc.o
                                        0xa23 (size before relaxing)
 .debug_str     0x000000000000364e       0x2a ./cmsis/startup_at32f413.o
                                         0x5b (size before relaxing)
 .debug_str     0x0000000000003678       0x63 ./cmsis/system_at32f413.o
                                        0x9f9 (size before relaxing)
 .debug_str     0x00000000000036db      0x687 ./bsp/at32f413_board.o
                                       0x1280 (size before relaxing)

.comment        0x0000000000000000       0x49
 .comment       0x0000000000000000       0x49 ./user/at32f413_clock.o
                                         0x4a (size before relaxing)
 .comment       0x0000000000000049       0x4a ./user/at32f413_int.o
 .comment       0x0000000000000049       0x4a ./user/main.o
 .comment       0x0000000000000049       0x4a ./firmware/at32f413_crm.o
 .comment       0x0000000000000049       0x4a ./firmware/at32f413_exint.o
 .comment       0x0000000000000049       0x4a ./firmware/at32f413_gpio.o
 .comment       0x0000000000000049       0x4a ./firmware/at32f413_misc.o
 .comment       0x0000000000000049       0x4a ./cmsis/system_at32f413.o
 .comment       0x0000000000000049       0x4a ./bsp/at32f413_board.o

.debug_frame    0x0000000000000000      0xff4
 .debug_frame   0x0000000000000000       0x2c ./user/at32f413_clock.o
 .debug_frame   0x000000000000002c      0x110 ./user/at32f413_int.o
 .debug_frame   0x000000000000013c       0x88 ./user/main.o
 .debug_frame   0x00000000000001c4      0x568 ./firmware/at32f413_crm.o
 .debug_frame   0x000000000000072c      0x170 ./firmware/at32f413_exint.o
 .debug_frame   0x000000000000089c      0x2a8 ./firmware/at32f413_gpio.o
 .debug_frame   0x0000000000000b44      0x210 ./firmware/at32f413_misc.o
 .debug_frame   0x0000000000000d54       0x54 ./cmsis/system_at32f413.o
 .debug_frame   0x0000000000000da8      0x220 ./bsp/at32f413_board.o
 .debug_frame   0x0000000000000fc8       0x2c /home/aristotel/Downloads/AT32_IDE_V1.0.08_Linux-x86_64/platform/tools/gcc-arm-none-eabi-10.3-2021.10/bin/../lib/gcc/arm-none-eabi/10.3.1/../../../../arm-none-eabi/lib/thumb/v7e-m+fp/hard/libg_nano.a(lib_a-init.o)

.stabstr        0x0000000000000000      0x117
 .stabstr       0x0000000000000000      0x117 /home/aristotel/Downloads/AT32_IDE_V1.0.08_Linux-x86_64/platform/tools/gcc-arm-none-eabi-10.3-2021.10/bin/../lib/gcc/arm-none-eabi/10.3.1/../../../../arm-none-eabi/lib/thumb/v7e-m+fp/hard/libnosys.a(close.o)
